../Core/Src/main.c:165:5:main	8	static
../Core/Src/main.c:245:6:SystemClock_Config	72	static
../Core/Src/main.c:285:13:MX_I2C1_Init	8	static
../Core/Src/main.c:319:13:MX_TIM2_Init	32	static
../Core/Src/main.c:364:13:MX_TIM3_Init	32	static
../Core/Src/main.c:409:13:MX_TIM4_Init	32	static
../Core/Src/main.c:454:13:MX_GPIO_Init	40	static
../Core/Src/main.c:514:6:HAL_TIM_PeriodElapsedCallback	16	static
C:\ST\STM32CubeIDE_1.13.0\STM32CubeIDE\plugins\com.st.stm32cube.ide.mcu.externaltools.gnu-tools-for-stm32.11.3.rel1.win32_1.1.0.202305231506\tools\bin/../lib/gcc/arm-none-eabi/11.3.1/../../../../arm-none-eabi/include/stdlib.h:227:8:itoa	48	static
../Core/Src/main.c:583:6:Error_Handler	4	static,ignoring_inline_asm
