../Core/Src/main.c:160:5:main	8	static
../Core/Src/main.c:271:6:SystemClock_Config	72	static
../Core/Src/main.c:311:13:MX_I2C1_Init	8	static
../Core/Src/main.c:345:13:MX_TIM2_Init	32	static
../Core/Src/main.c:390:13:MX_TIM3_Init	32	static
../Core/Src/main.c:435:13:MX_TIM4_Init	32	static
../Core/Src/main.c:480:13:MX_GPIO_Init	40	static
../Core/Src/main.c:529:13:TimerDelayMs	24	static
../Core/Src/main.c:588:6:HAL_TIM_PeriodElapsedCallback	16	static
../Core/Src/main.c:600:6:HAL_GPIO_EXTI_Callback	16	static
../Core/Src/main.c:638:6:Error_Handler	4	static,ignoring_inline_asm
